// Jest Snapshot v1, https://goo.gl/fbAQLP

exports[`describe service specification should describe valid service specification 1`] = `
"openapi: 3.0.3
info:
  title: A Sample Receipt Service
  version: 1.0.0
  description: A sample service for managing receipts
components:
  schemas:
    Resource:
      type: object
      properties:
        $self:
          type: string
          format: uri
        $type:
          type: string
          minLength: 1
        $revision:
          type: string
          minLength: 26
          maxLength: 26
      required:
        - $self
        - $type
        - $revision
      description: An object with a type discriminator, location and revision
    Receipt:
      allOf:
        - $ref: "#/components/schemas/Resource"
        - type: object
          properties:
            id:
              type: string
              minLength: 0
            total:
              type: integer
              minimum: 0
          required:
            - id
            - total
          description: A receipt
      description: A Receipt Resource
    NotFound:
      type: object
      properties:
        code:
          type: string
          enum:
            - "404"
        message:
          type: string
          enum:
            - receipt not found
      required:
        - code
        - message
      description: The requested receipt was not found
    Conflict:
      type: object
      properties:
        code:
          type: string
          enum:
            - "409"
        message:
          type: string
          enum:
            - conflict detected while processing request
      required:
        - code
        - message
      description: The request could not be completed due to a conflict
    RateLimit:
      type: object
      properties:
        code:
          type: string
          enum:
            - "429"
        message:
          type: string
          enum:
            - rate limit exceeded
      required:
        - code
        - message
      description: The request could not be completed due to a rate limit
    Add:
      type: object
      properties:
        amount:
          type: integer
          minimum: 1
      required:
        - amount
      description: Add money to the receipt
    Deduct:
      type: object
      properties:
        amount:
          type: integer
          minimum: 1
      required:
        - amount
      description: Deduct money from the receipt
    ReceiptId:
      type: string
      example: "1212121"
  parameters:
    ReceiptId:
      schema:
        $ref: "#/components/schemas/ReceiptId"
      required: true
      name: id
      in: path
paths:
  receipt/{id}:
    get:
      parameters:
        - $ref: "#/components/parameters/ReceiptId"
      responses:
        "200":
          description: A Receipt Resource
          content:
            application/json:
              schema:
                $ref: "#/components/schemas/Receipt"
        "404":
          description: A Not Found Error
          content:
            application/json:
              schema:
                $ref: "#/components/schemas/NotFound"
        "429":
          description: A Rate Limit Error
          content:
            application/json:
              schema:
                $ref: "#/components/schemas/RateLimit"
  receipt/{id}/add:
    post:
      parameters:
        - $ref: "#/components/parameters/ReceiptId"
      requestBody:
        content:
          application/json:
            schema:
              $ref: "#/components/schemas/Add"
      responses:
        "200":
          description: A Receipt Resource
          content:
            application/json:
              schema:
                $ref: "#/components/schemas/Receipt"
        "404":
          description: A Not Found Error
          content:
            application/json:
              schema:
                $ref: "#/components/schemas/NotFound"
        "409":
          description: A Conflict Error
          content:
            application/json:
              schema:
                $ref: "#/components/schemas/Conflict"
        "429":
          description: A Rate Limit Error
          content:
            application/json:
              schema:
                $ref: "#/components/schemas/RateLimit"
  receipt/{id}/deduct:
    post:
      parameters:
        - $ref: "#/components/parameters/ReceiptId"
      requestBody:
        content:
          application/json:
            schema:
              $ref: "#/components/schemas/Deduct"
      responses:
        "200":
          description: A Receipt Resource
          content:
            application/json:
              schema:
                $ref: "#/components/schemas/Receipt"
        "404":
          description: A Not Found Error
          content:
            application/json:
              schema:
                $ref: "#/components/schemas/NotFound"
        "409":
          description: A Conflict Error
          content:
            application/json:
              schema:
                $ref: "#/components/schemas/Conflict"
        "429":
          description: A Rate Limit Error
          content:
            application/json:
              schema:
                $ref: "#/components/schemas/RateLimit"
"
`;
