// Jest Snapshot v1, https://goo.gl/fbAQLP

exports[`aes cypher should encrypt payloads 1`] = `
{
  "data": [
    123,
    34,
    110,
    111,
    110,
    99,
    101,
    34,
    58,
    34,
    77,
    84,
    73,
    122,
    78,
    68,
    85,
    50,
    78,
    122,
    103,
    53,
    77,
    68,
    69,
    121,
    34,
    44,
    34,
    100,
    97,
    116,
    97,
    34,
    58,
    34,
    114,
    49,
    48,
    72,
    50,
    121,
    85,
    98,
    73,
    118,
    111,
    114,
    110,
    48,
    106,
    76,
    76,
    106,
    105,
    99,
    34,
    44,
    34,
    116,
    97,
    103,
    34,
    58,
    34,
    118,
    97,
    72,
    69,
    121,
    71,
    115,
    120,
    73,
    107,
    99,
    78,
    72,
    105,
    50,
    69,
    111,
    77,
    100,
    85,
    56,
    81,
    61,
    61,
    34,
    125,
  ],
  "type": "Buffer",
}
`;
