// Vitest Snapshot v1, https://vitest.dev/guide/snapshot.html

exports[`tokenizer > should tokenize a payload with nested lists 1`] = `
{
  "nested": [
    {
      "boolean": true,
      "number": 833454428,
      "string": "nested.0.string|string",
    },
    {
      "boolean": true,
      "number": -963496772,
      "string": "nested.1.string|another",
    },
  ],
}
`;

exports[`tokenizer > should tokenize a payload with nested payloads 1`] = `
{
  "nested": {
    "boolean": true,
    "number": 1681225690,
    "string": "nested.string|string",
  },
}
`;

exports[`tokenizer > should tokenize a payload with simple values 1`] = `
{
  "boolean": false,
  "number": 1649953809,
  "string": "string|string",
}
`;
